boards/SparkFun-MicroMod-RP2040-Processor/SparkFun-MicroMod-RP2040-Processor.circuit.tsx(127,10): error TS2741: Property 'loadCapacitance' is missing in type '{ name: string; frequency: string; footprint: "crystal_3.2x2.5mm"; pcbX: number; pcbY: number; schX: number; schY: number; }' but required in type 'CrystalProps<string>'.
